------------------------------------------------------------
TimeQuest Timing Analyzer Summary
------------------------------------------------------------

Type  : Slow 1100mV 85C Model Setup 'C|pll_0|altera_pll_i|general[0].gpll~PLL_OUTPUT_COUNTER|divclk'
Slack : 3.329
TNS   : 0.000

Type  : Slow 1100mV 85C Model Hold 'C|pll_0|altera_pll_i|general[0].gpll~PLL_OUTPUT_COUNTER|divclk'
Slack : 0.367
TNS   : 0.000

Type  : Slow 1100mV 85C Model Minimum Pulse Width 'C|pll_0|altera_pll_i|general[0].gpll~FRACTIONAL_PLL|vcoph[0]'
Slack : 0.925
TNS   : 0.000

Type  : Slow 1100mV 85C Model Minimum Pulse Width 'C|pll_0|altera_pll_i|general[0].gpll~PLL_OUTPUT_COUNTER|divclk'
Slack : 3.925
TNS   : 0.000

Type  : Slow 1100mV 85C Model Minimum Pulse Width 'CLOCK_24[0]'
Slack : 9.900
TNS   : 0.000

Type  : Slow 1100mV 0C Model Setup 'C|pll_0|altera_pll_i|general[0].gpll~PLL_OUTPUT_COUNTER|divclk'
Slack : 3.294
TNS   : 0.000

Type  : Slow 1100mV 0C Model Hold 'C|pll_0|altera_pll_i|general[0].gpll~PLL_OUTPUT_COUNTER|divclk'
Slack : 0.370
TNS   : 0.000

Type  : Slow 1100mV 0C Model Minimum Pulse Width 'C|pll_0|altera_pll_i|general[0].gpll~FRACTIONAL_PLL|vcoph[0]'
Slack : 0.925
TNS   : 0.000

Type  : Slow 1100mV 0C Model Minimum Pulse Width 'C|pll_0|altera_pll_i|general[0].gpll~PLL_OUTPUT_COUNTER|divclk'
Slack : 3.879
TNS   : 0.000

Type  : Slow 1100mV 0C Model Minimum Pulse Width 'CLOCK_24[0]'
Slack : 9.926
TNS   : 0.000

Type  : Fast 1100mV 85C Model Setup 'C|pll_0|altera_pll_i|general[0].gpll~PLL_OUTPUT_COUNTER|divclk'
Slack : 5.814
TNS   : 0.000

Type  : Fast 1100mV 85C Model Hold 'C|pll_0|altera_pll_i|general[0].gpll~PLL_OUTPUT_COUNTER|divclk'
Slack : 0.201
TNS   : 0.000

Type  : Fast 1100mV 85C Model Minimum Pulse Width 'C|pll_0|altera_pll_i|general[0].gpll~FRACTIONAL_PLL|vcoph[0]'
Slack : 0.925
TNS   : 0.000

Type  : Fast 1100mV 85C Model Minimum Pulse Width 'C|pll_0|altera_pll_i|general[0].gpll~PLL_OUTPUT_COUNTER|divclk'
Slack : 4.177
TNS   : 0.000

Type  : Fast 1100mV 85C Model Minimum Pulse Width 'CLOCK_24[0]'
Slack : 9.643
TNS   : 0.000

Type  : Fast 1100mV 0C Model Setup 'C|pll_0|altera_pll_i|general[0].gpll~PLL_OUTPUT_COUNTER|divclk'
Slack : 6.092
TNS   : 0.000

Type  : Fast 1100mV 0C Model Hold 'C|pll_0|altera_pll_i|general[0].gpll~PLL_OUTPUT_COUNTER|divclk'
Slack : 0.186
TNS   : 0.000

Type  : Fast 1100mV 0C Model Minimum Pulse Width 'C|pll_0|altera_pll_i|general[0].gpll~FRACTIONAL_PLL|vcoph[0]'
Slack : 0.925
TNS   : 0.000

Type  : Fast 1100mV 0C Model Minimum Pulse Width 'C|pll_0|altera_pll_i|general[0].gpll~PLL_OUTPUT_COUNTER|divclk'
Slack : 4.170
TNS   : 0.000

Type  : Fast 1100mV 0C Model Minimum Pulse Width 'CLOCK_24[0]'
Slack : 9.632
TNS   : 0.000

------------------------------------------------------------
